src/analyzers/flowGenerator.ts(1,20): error TS2307: Cannot find module 'tree-sitter' or its corresponding type declarations.
src/analyzers/hardwareAnalyzer.ts(1,20): error TS2307: Cannot find module 'tree-sitter' or its corresponding type declarations.
src/analyzers/memoryEstimator.ts(1,20): error TS2307: Cannot find module 'tree-sitter' or its corresponding type declarations.
src/analyzers/platformDetector.ts(1,20): error TS2307: Cannot find module 'tree-sitter' or its corresponding type declarations.
src/parser/codeParser.ts(1,20): error TS2307: Cannot find module 'tree-sitter' or its corresponding type declarations.
